<?xml version="1.0"?>

<dataset>

    <GENRE
            name="HipHop"
            />
    <GENRE
            name="Rock"
            />


</dataset>